// Jest Snapshot v1, https://goo.gl/fbAQLP

exports[`expects to render CardList Component 1`] = `ShallowWrapper {}`;
