// Jest Snapshot v1, https://goo.gl/fbAQLP

exports[`expects to render Main Page Component 1`] = `ShallowWrapper {}`;
